// Vitest Snapshot v1, https://vitest.dev/guide/snapshot.html

exports[`Badge component > renders correctly - snapshot test 1`] = `
<DocumentFragment>
  <span
    class="relative top-[-2px] rounded border border-primary-text-color px-1 pb-[2px] pt-[1px] text-[10px] text-primary-text-color"
  >
    Test Badge
  </span>
</DocumentFragment>
`;
